🚀 Starting automated upstream sync...

[1/47] Processing: 8c4a92c - chore: added agents.md and refactored primary color
  ✓ Applied cleanly
[integrate/upstream 9d6a360] chore: added agents.md and refactored primary color
 2 files changed, 165 insertions(+), 4 deletions(-)
 create mode 100644 AGENTS.md

[2/47] Processing: 018da93 - feat: added schdule post date time picker with natural language
Auto-merging frontend/package.json
  ✓ Applied cleanly
[integrate/upstream 86b6966] feat: added schdule post date time picker with natural language
 29 files changed, 5179 insertions(+), 2 deletions(-)
 create mode 100644 frontend/pnpm-lock.yaml
 create mode 100644 frontend/src/components/PostInput/PostSchedulePicker.tsx
 create mode 100644 frontend/src/components/PostInput/index.ts
 create mode 100644 frontend/src/components/ui/calendar.tsx
 create mode 100644 frontend/src/components/ui/date-and-time-picker.tsx
 create mode 100644 frontend/src/components/ui/natural-language-picker.tsx
 create mode 100644 frontend/src/components/ui/popover.tsx
 create mode 100644 frontend/src/components/ui/textarea.tsx
 create mode 100644 frontend/src/routes/_layout/canvas.tsx
 create mode 100644 my-app/.gitignore
 create mode 100644 my-app/README.md
 create mode 100644 my-app/app/favicon.ico
 create mode 100644 my-app/app/globals.css
 create mode 100644 my-app/app/layout.tsx
 create mode 100644 my-app/app/page.tsx
 create mode 100644 my-app/eslint.config.mjs
 create mode 100644 my-app/next.config.ts
 create mode 100644 my-app/package.json
 create mode 100644 my-app/pnpm-workspace.yaml
 create mode 100644 my-app/postcss.config.mjs
 create mode 100644 my-app/public/file.svg
 create mode 100644 my-app/public/globe.svg
 create mode 100644 my-app/public/next.svg
 create mode 100644 my-app/public/vercel.svg
 create mode 100644 my-app/public/window.svg
 create mode 100644 my-app/tsconfig.json

[3/47] Processing: 29c5f94 - feat: added postInputBox component
Auto-merging frontend/tests/user-settings.spec.ts
  ✓ Applied cleanly
[integrate/upstream a453bea] feat: added postInputBox component
 6 files changed, 234 insertions(+), 165 deletions(-)
 create mode 100644 frontend/src/components/PostInput/PostInputBox.tsx
 delete mode 100644 frontend/src/components/ui/date-and-time-picker.tsx

[4/47] Processing: 492fb05 - feat: added new route timeline
  ✓ Applied cleanly
[integrate/upstream a6dfe82] feat: added new route timeline
 14 files changed, 871 insertions(+), 96 deletions(-)
 create mode 100644 frontend/src/components/Post/Post.tsx
 create mode 100644 frontend/src/components/Post/index.ts
 create mode 100644 frontend/src/components/Sidebar/TimelineSidebar.tsx
 create mode 100644 frontend/src/components/Timeline/TrendingTopics.tsx
 create mode 100644 frontend/src/components/Timeline/WhoToFollow.tsx
 create mode 100644 frontend/src/components/Timeline/index.ts
 create mode 100644 frontend/src/routes/timeline.tsx

[5/47] Processing: b02e4d8 - feat: added profile component in the sidebar
  ✓ Applied cleanly
[integrate/upstream d8a24ae] feat: added profile component in the sidebar
 2 files changed, 176 insertions(+), 19 deletions(-)

[6/47] Processing: 429437d - feat: added brand assets
  ⚠ Conflicts detected, auto-resolving...
  ✓ No conflicts, committing...
On branch integrate/upstream
Your branch is ahead of 'upstream/master' by 5 commits.
  (use "git push" to publish your local commits)

Untracked files:
  (use "git add <file>..." to include in what will be committed)
	.agents/
	.cursor/
	.opencode/
	docs/
	frontend/.agents/
	frontend/.cursor/
	frontend/.opencode/
	frontend/bun.lock
	openapi.json
	scripts/cherry-pick-commits.sh
	scripts/cherry-pick.log

nothing added to commit but untracked files present (use "git add" to track)
